nanosleep\({tv_sec=2, tv_nsec=0},  <detached \.\.\.>
